// Jest Snapshot v1, https://goo.gl/fbAQLP

exports[`Provider should match snapshot 1`] = `
<[object Object]
  value={
    Object {
      "dispatch": [Function],
      "expire": [Function],
      "notifications": Array [],
    }
  }
>
  Child
</[object Object]>
`;
